2026-01-01 22:19:01,388 - INFO - Found 1 model files to process.
2026-01-01 22:19:01,388 - INFO - Processing meta-llama_llama-3.1-8b-instruct...
2026-01-01 22:24:38,183 - INFO - Found 1 model files to process.
2026-01-01 22:24:38,185 - INFO - Processing meta-llama_llama-3.1-8b-instruct...
2026-01-01 22:41:22,141 - INFO - Found 1 model files to process.
2026-01-01 22:41:22,141 - INFO - Processing meta-llama_llama-3.1-8b-instruct...
2026-01-01 22:46:02,015 - INFO - Found 1 model files to process.
2026-01-01 22:46:02,016 - INFO - Processing meta-llama_llama-3.1-8b-instruct...
2026-01-01 22:46:02,119 - WARNING - Extracted invalid answer 'B, D' from: ### Rationale:
To determine which insertions would cause a split in a B+ tree of order 4, we need to...
2026-01-01 22:46:02,222 - WARNING - Extracted invalid answer 'TRUE' from: ### Rationale:
The time complexity of building a binary heap with n elements using the bottom-up met...
2026-01-01 22:46:02,327 - WARNING - Extracted invalid answer '60' from: ### Rationale:
To calculate the total number of trainable parameters in a neural network, we need to...
2026-01-01 22:46:02,430 - WARNING - Extracted invalid answer '8 * LOG2(26' from: ### Rationale:
To calculate the entropy of a password system, we need to determine the number of pos...
2026-01-01 22:46:02,638 - WARNING - Extracted invalid answer 'FALSE' from: ### Rationale:
The cost of a hash join and a nested loop join depends on various factors such as the...
2026-01-01 22:46:02,743 - WARNING - Extracted invalid answer '2' from: ### Rationale:
To find the number of inversions in the array [3,1,4,2], we can use the merge sort al...
2026-01-01 22:46:02,849 - WARNING - Extracted invalid answer '### PRECISION: 2/3
### RECALL: 5/9' from: ### Rationale:
To calculate the precision and recall for a binary classifier, we need to understand ...
2026-01-01 22:46:03,057 - WARNING - Extracted invalid answer '2^20' from: ### Rationale:
To find the number of page table entries, we need to calculate the number of pages in...
2026-01-01 22:46:03,162 - WARNING - Extracted invalid answer '(100,000 * 100) / 4096 = 2,441,406.25
SINCE WE CANNOT HAVE A FRACTION OF A BLOCK, WE NEED TO ROUND UP TO THE NEAREST WHOLE NUMBER, WHICH IS 2,441,407' from: ### Rationale:
To calculate the minimum number of blocks needed to store the data, we need to divide...
2026-01-01 22:46:03,267 - WARNING - Extracted invalid answer 'B, C' from: ### Rationale:
To determine which sorting algorithms have an average time complexity of O(n log n), ...
2026-01-01 22:46:03,369 - WARNING - Extracted invalid answer 'FALSE' from: ### Rationale:
In Agile software development, the burndown chart is a graphical representation of th...
2026-01-01 22:46:03,474 - WARNING - Extracted invalid answer '26' from: ### Rationale:
The Caesar cipher is a type of substitution cipher where each letter in the plaintext...
2026-01-01 22:51:03,877 - INFO - Found 1 model files to process.
2026-01-01 22:51:03,877 - INFO - Processing meta-llama_llama-3.1-8b-instruct...
